f_mass_storage.c:506:13:bulk_in_complete	16	static
f_mass_storage.c:523:13:bulk_out_complete	16	static
f_mass_storage.c:1395:12:halt_bulk_in_endpoint	8	static
f_mass_storage.c:2187:12:do_set_interface	32	static
f_mass_storage.c:2278:12:fsg_set_alt	0	static
f_mass_storage.c:2286:13:fsg_disable	0	static
f_mass_storage.c:1246:12:do_mode_sense	32	static
f_mass_storage.c:546:12:fsg_setup	32	static
f_mass_storage.c:2650:13:fsg_unbind	8	static
f_mass_storage.c:664:12:sleep_thread	24	static
f_mass_storage.c:600:13:7	16	static
f_mass_storage.c:700:12:do_read	40	static
f_mass_storage.c:827:12:do_write	56	static
f_mass_storage.c:1614:12:send_status	16	static
f_mass_storage.c:1674:12:12	48	static
f_mass_storage.c:2759:5:fsg_add	32	static
f_mass_storage.c:285:13:set_bit	0	static
f_mass_storage.c:295:13:clear_bit	0	static
f_mass_storage.c:2403:5:fsg_main_thread	56	static
f_mass_storage.c:2614:1:usb_copy_descriptors	24	static
f_mass_storage.c:2665:12:fsg_bind	24	static
f_mass_storage.c:2777:5:fsg_init	0	static
