Archive member included because of file (symbol)

/home/susan/via_Musio-OS/android5.1.1-1.0.0/prebuilts/gcc/linux-x86/arm/arm-eabi-4.6/bin/../lib/gcc/arm-eabi/4.6.x-google/libgcc.a(_udivsi3.o)
                              arch/arm/cpu/armv7/built-in.o (__aeabi_uidiv)
/home/susan/via_Musio-OS/android5.1.1-1.0.0/prebuilts/gcc/linux-x86/arm/arm-eabi-4.6/bin/../lib/gcc/arm-eabi/4.6.x-google/libgcc.a(_divsi3.o)
                              common/built-in.o (__aeabi_idiv)
/home/susan/via_Musio-OS/android5.1.1-1.0.0/prebuilts/gcc/linux-x86/arm/arm-eabi-4.6/bin/../lib/gcc/arm-eabi/4.6.x-google/libgcc.a(_dvmd_tls.o)
                              /home/susan/via_Musio-OS/android5.1.1-1.0.0/prebuilts/gcc/linux-x86/arm/arm-eabi-4.6/bin/../lib/gcc/arm-eabi/4.6.x-google/libgcc.a(_udivsi3.o) (__aeabi_idiv0)
/home/susan/via_Musio-OS/android5.1.1-1.0.0/prebuilts/gcc/linux-x86/arm/arm-eabi-4.6/bin/../lib/gcc/arm-eabi/4.6.x-google/libgcc.a(_lshrdi3.o)
                              fs/built-in.o (__aeabi_llsr)
/home/susan/via_Musio-OS/android5.1.1-1.0.0/prebuilts/gcc/linux-x86/arm/arm-eabi-4.6/bin/../lib/gcc/arm-eabi/4.6.x-google/libgcc.a(_ashldi3.o)
                              drivers/mmc/built-in.o (__aeabi_llsl)

Discarded input sections

 .data          0x0000000000000000        0x0 arch/arm/cpu/armv7/start.o
 .bss           0x0000000000000000        0x0 arch/arm/cpu/armv7/start.o
 .text.v7_outer_cache_flush_all
                0x0000000000000000        0x4 arch/arm/cpu/armv7/built-in.o
 .text.v7_outer_cache_inval_all
                0x0000000000000000        0x4 arch/arm/cpu/armv7/built-in.o
 .text.v7_outer_cache_flush_range
                0x0000000000000000        0x4 arch/arm/cpu/armv7/built-in.o
 .text.v7_outer_cache_inval_range
                0x0000000000000000        0x4 arch/arm/cpu/armv7/built-in.o
 .text.v7_arch_cp15_set_l2aux_ctrl
                0x0000000000000000        0x8 arch/arm/cpu/armv7/built-in.o
 .text.v7_arch_cp15_set_acr
                0x0000000000000000        0x8 arch/arm/cpu/armv7/built-in.o
 .text.sdelay   0x0000000000000000        0xc arch/arm/cpu/armv7/built-in.o
 .text.wait_on_value
                0x0000000000000000       0x34 arch/arm/cpu/armv7/built-in.o
 .text.enable_enet_pll
                0x0000000000000000       0x70 arch/arm/cpu/armv7/built-in.o
 .text.enable_enet_clk
                0x0000000000000000       0x24 arch/arm/cpu/armv7/built-in.o
 .text.enable_uart_clk
                0x0000000000000000       0x24 arch/arm/cpu/armv7/built-in.o
 .text.enable_usdhc_clk
                0x0000000000000000       0x4c arch/arm/cpu/armv7/built-in.o
 .text.enable_spi_clk
                0x0000000000000000       0x44 arch/arm/cpu/armv7/built-in.o
 .text.enable_fec_anatop_clock
                0x0000000000000000       0xa0 arch/arm/cpu/armv7/built-in.o
 .text.enable_sata_clock
                0x0000000000000000       0x1c arch/arm/cpu/armv7/built-in.o
 .text.disable_sata_clock
                0x0000000000000000       0x18 arch/arm/cpu/armv7/built-in.o
 .text.enable_pcie_clock
                0x0000000000000000       0x70 arch/arm/cpu/armv7/built-in.o
 .data          0x0000000000000000        0x0 arch/arm/cpu/armv7/built-in.o
 .bss           0x0000000000000000        0x0 arch/arm/cpu/armv7/built-in.o
 .text          0x0000000000000000        0x0 arch/arm/imx-common/built-in.o
 .text.get_imx_reset_cause
                0x0000000000000000       0x10 arch/arm/imx-common/built-in.o
 .text.set_chipselect_size
                0x0000000000000000       0x80 arch/arm/imx-common/built-in.o
 .text.mxs_wait_mask_set
                0x0000000000000000       0x40 arch/arm/imx-common/built-in.o
 .text.mxs_wait_mask_clr
                0x0000000000000000       0x3c arch/arm/imx-common/built-in.o
 .text.mxs_reset_block
                0x0000000000000000       0x98 arch/arm/imx-common/built-in.o
 .text.detect_hdmi
                0x0000000000000000       0x14 arch/arm/imx-common/built-in.o
 .text.usec2ticks
                0x0000000000000000       0x58 arch/arm/imx-common/built-in.o
 .data          0x0000000000000000        0x0 arch/arm/imx-common/built-in.o
 .bss           0x0000000000000000        0x0 arch/arm/imx-common/built-in.o
 .text.reset_misc
                0x0000000000000000        0x4 arch/arm/lib/built-in.o
 .text.flush_cache
                0x0000000000000000        0x4 arch/arm/lib/built-in.o
 .text.flush_dcache_all
                0x0000000000000000        0xc arch/arm/lib/built-in.o
 .text.enable_caches
                0x0000000000000000        0xc arch/arm/lib/built-in.o
 .text.arm_init_before_mmu
                0x0000000000000000        0x4 arch/arm/lib/built-in.o
 .text.mmu_page_table_flush
                0x0000000000000000        0x4 arch/arm/lib/built-in.o
 .rodata.pl310  0x0000000000000000        0x4 arch/arm/lib/built-in.o
 .data          0x0000000000000000        0x0 arch/arm/lib/built-in.o
 .__secure_start
                0x0000000000000000        0x0 arch/arm/lib/built-in.o
[...]
Memory Configuration

Name             Origin             Length             Attributes
*default*        0x0000000000000000 0xffffffffffffffff

Linker script and memory map

Address of section .text set to 0x17800000
                0x0000000000000000                . = 0x0
                0x0000000000000000                . = ALIGN (0x4)

.text           0x0000000017800000    0x43cf0
 *(.__image_copy_start)
 .__image_copy_start
                0x0000000017800000        0x0 arch/arm/lib/built-in.o
                0x0000000017800000                __image_copy_start
 *(.vectors)
 .vectors       0x0000000017800000      0x300 arch/arm/lib/built-in.o
                0x0000000017800000                _start
                0x0000000017800020                _undefined_instruction
                0x0000000017800024                _software_interrupt
                0x0000000017800028                _prefetch_abort
                0x000000001780002c                _data_abort
                0x0000000017800030                _not_used
                0x0000000017800034                _irq
                0x0000000017800038                _fiq
                0x0000000017800040                IRQ_STACK_START_IN
 arch/arm/cpu/armv7/start.o(.text*)
 .text          0x0000000017800300       0xec arch/arm/cpu/armv7/start.o
                0x0000000017800300                reset
                0x0000000017800304                save_boot_params_ret
                0x0000000017800340                c_runtime_cpu_setup
                0x0000000017800350                save_boot_params
                0x0000000017800354                cpu_init_cp15
                0x00000000178003e4                cpu_init_crit
 *(.text*)
 .text          0x00000000178003ec       0x1c arch/arm/cpu/armv7/built-in.o
                0x00000000178003ec                lowlevel_init
 .text.v7_maint_dcache_all
                0x0000000017800408       0xe8 arch/arm/cpu/armv7/built-in.o
 .text.v7_dcache_maint_range
                0x00000000178004f0       0xc8 arch/arm/cpu/armv7/built-in.o
 .text.invalidate_icache_all
                0x00000000178005b8       0x18 arch/arm/cpu/armv7/built-in.o
                0x00000000178005b8                invalidate_icache_all
 .text.v7_outer_cache_enable
                0x00000000178005d0       0x68 arch/arm/cpu/armv7/built-in.o
                0x00000000178005d4                v7_outer_cache_enable
 .text.v7_outer_cache_disable
                0x0000000017800638       0x1c arch/arm/cpu/armv7/built-in.o
                0x000000001780063c                v7_outer_cache_disable
 .text.flush_dcache_all
                0x0000000017800654       0x14 arch/arm/cpu/armv7/built-in.o
                0x0000000017800654                flush_dcache_all
 .text.invalidate_dcache_all
                0x0000000017800668       0x14 arch/arm/cpu/armv7/built-in.o
                0x0000000017800668                invalidate_dcache_all
 .text.arm_init_before_mmu
                0x000000001780067c       0x28 arch/arm/cpu/armv7/built-in.o
                0x000000001780067c                arm_init_before_mmu
 .text.flush_dcache_range
                0x00000000178006a4       0x24 arch/arm/cpu/armv7/built-in.o
                0x00000000178006a4                flush_dcache_range
 .text.flush_cache
                0x00000000178006c8        0x8 arch/arm/cpu/armv7/built-in.o
                0x00000000178006c8                flush_cache
 .text.mmu_page_table_flush
                0x00000000178006d0       0x24 arch/arm/cpu/armv7/built-in.o
                0x00000000178006d0                mmu_page_table_flush
 .text.invalidate_dcache_range
                0x00000000178006f4       0x24 arch/arm/cpu/armv7/built-in.o
                0x00000000178006f4                invalidate_dcache_range
 .text.cpu_cache_initialization
                0x0000000017800718        0x4 arch/arm/cpu/armv7/built-in.o
                0x0000000017800718                cpu_cache_initialization
 .text.cleanup_before_linux
                0x000000001780071c       0x28 arch/arm/cpu/armv7/built-in.o
                0x000000001780071c                cleanup_before_linux
 .text.set_ldo_voltage
                0x0000000017800744       0xc0 arch/arm/cpu/armv7/built-in.o
 .text.get_nr_cpus
                0x0000000017800804       0x10 arch/arm/cpu/armv7/built-in.o
                0x0000000017800804                get_nr_cpus
 .text.get_cpu_rev
                0x0000000017800814       0x70 arch/arm/cpu/armv7/built-in.o
                0x0000000017800814                get_cpu_rev
 .text.get_board_rev
                0x0000000017800884       0x34 arch/arm/cpu/armv7/built-in.o
                0x0000000017800884                get_board_rev
 .text.init_aips
                0x00000000178008b8       0x58 arch/arm/cpu/armv7/built-in.o
                0x00000000178008b8                init_aips
 .text.arch_cpu_init
                0x0000000017800910      0x198 arch/arm/cpu/armv7/built-in.o
                0x0000000017800910                arch_cpu_init
 .text.board_postclk_init
                0x0000000017800aa8       0x18 arch/arm/cpu/armv7/built-in.o
                0x0000000017800aa8                board_postclk_init
 .text.get_board_serial
                0x0000000017800ac0       0x1c arch/arm/cpu/armv7/built-in.o
                0x0000000017800ac0                get_board_serial
 .text.enable_caches
                0x0000000017800adc       0x34 arch/arm/cpu/armv7/built-in.o
                0x0000000017800adc                enable_caches
 .text.imx_get_mac_from_fuse
                0x0000000017800b10       0x3c arch/arm/cpu/armv7/built-in.o
                0x0000000017800b10                imx_get_mac_from_fuse
 .text.boot_mode_apply
                0x0000000017800b4c       0x24 arch/arm/cpu/armv7/built-in.o
                0x0000000017800b4c                boot_mode_apply
 .text.get_boot_device
                0x0000000017800b70       0x9c arch/arm/cpu/armv7/built-in.o
                0x0000000017800b70                get_boot_device
 .text.s_init   0x0000000017800c0c       0x90 arch/arm/cpu/armv7/built-in.o
                0x0000000017800c0c                s_init
 .text.set_wdog_reset
                0x0000000017800c9c       0x14 arch/arm/cpu/armv7/built-in.o
                0x0000000017800c9c                set_wdog_reset
 .text.reset_misc
                0x0000000017800cb0        0x4 arch/arm/cpu/armv7/built-in.o
                0x0000000017800cb0                reset_misc
 .text.check_ldo_bypass
                0x0000000017800cb4       0x7c arch/arm/cpu/armv7/built-in.o
                0x0000000017800cb4                check_ldo_bypass
 .text.check_1_2G
                0x0000000017800d30       0x58 arch/arm/cpu/armv7/built-in.o
                0x0000000017800d30                check_1_2G
 .text.set_arm_freq_400M
                0x0000000017800d88       0x2c arch/arm/cpu/armv7/built-in.o
                0x0000000017800d88                set_arm_freq_400M
 .text.prep_anatop_bypass
                0x0000000017800db4       0x3c arch/arm/cpu/armv7/built-in.o
                0x0000000017800db4                prep_anatop_bypass
 .text.set_anatop_bypass
                0x0000000017800df0       0x58 arch/arm/cpu/armv7/built-in.o
                0x0000000017800df0                set_anatop_bypass
 .text.finish_anatop_bypass
                0x0000000017800e48       0x18 arch/arm/cpu/armv7/built-in.o
                0x0000000017800e48                finish_anatop_bypass
 .text.imx_enable_hdmi_phy
                0x0000000017800e60       0x54 arch/arm/cpu/armv7/built-in.o
                0x0000000017800e60                imx_enable_hdmi_phy
 .text.imx_setup_hdmi
                0x0000000017800eb4       0x70 arch/arm/cpu/armv7/built-in.o
                0x0000000017800eb4                imx_setup_hdmi
 .text.recovery_check_and_clean_flag
                0x0000000017800f24       0x40 arch/arm/cpu/armv7/built-in.o
                0x0000000017800f24                recovery_check_and_clean_flag
 .text.fastboot_check_and_clean_flag
                0x0000000017800f64       0x24 arch/arm/cpu/armv7/built-in.o
                0x0000000017800f64                fastboot_check_and_clean_flag
 .text.fastboot_enable_flag
                0x0000000017800f88       0x18 arch/arm/cpu/armv7/built-in.o
                0x0000000017800f88                fastboot_enable_flag
 .text.decode_pll.constprop.1
                0x0000000017800fa0       0xb8 arch/arm/cpu/armv7/built-in.o
 .text.get_uart_clk
                0x0000000017801058       0x44 arch/arm/cpu/armv7/built-in.o
 .text.mxc_get_pll_pfd
                0x000000001780109c       0xa4 arch/arm/cpu/armv7/built-in.o
 .text.get_usdhc_clk
                0x0000000017801140       0x90 arch/arm/cpu/armv7/built-in.o
 .text.enable_ocotp_clk
                0x00000000178011d0       0x24 arch/arm/cpu/armv7/built-in.o
                0x00000000178011d0                enable_ocotp_clk
 .text.enable_usboh3_clk
                0x00000000178011f4       0x24 arch/arm/cpu/armv7/built-in.o
                0x00000000178011f4                enable_usboh3_clk
 .text.enable_i2c_clk
                0x0000000017801218       0x48 arch/arm/cpu/armv7/built-in.o
                0x0000000017801218                enable_i2c_clk
 .text.get_periph_clk
                0x0000000017801260       0xac arch/arm/cpu/armv7/built-in.o
                0x0000000017801260                get_periph_clk
 .text.get_axi_clk
                0x000000001780130c       0x4c arch/arm/cpu/armv7/built-in.o
 .text.imx_get_uartclk
                0x0000000017801358        0x4 arch/arm/cpu/armv7/built-in.o
                0x0000000017801358                imx_get_uartclk
 .text.enable_thermal_clk
                0x000000001780135c       0x48 arch/arm/cpu/armv7/built-in.o
                0x000000001780135c                enable_thermal_clk
 .text.mxc_get_clock
                0x00000000178013a4      0x1d4 arch/arm/cpu/armv7/built-in.o
                0x00000000178013a4                mxc_get_clock
 .text.do_mx6_showclocks
                0x0000000017801578      0x1fc arch/arm/cpu/armv7/built-in.o
                0x0000000017801578                do_mx6_showclocks
 .text.imx_get_fecclk
                0x0000000017801774        0x8 arch/arm/cpu/armv7/built-in.o
                0x0000000017801774                imx_get_fecclk
 .text.enable_ipu_clock
                0x000000001780177c       0x68 arch/arm/cpu/armv7/built-in.o
                0x000000001780177c                enable_ipu_clock
 .text.cpu_reset
                0x00000000178017e4       0x28 arch/arm/cpu/armv7/built-in.o
                0x00000000178017e4                cpu_reset
 .text.cpu_status
                0x000000001780180c       0x40 arch/arm/cpu/armv7/built-in.o
                0x000000001780180c                cpu_status
 .text.cpu_release
                0x000000001780184c       0x80 arch/arm/cpu/armv7/built-in.o
                0x000000001780184c                cpu_release
 .text.is_core_valid
                0x00000000178018cc       0x1c arch/arm/cpu/armv7/built-in.o
                0x00000000178018cc                is_core_valid
 .text.cpu_disable
                0x00000000178018e8       0x28 arch/arm/cpu/armv7/built-in.o
                0x00000000178018e8                cpu_disable
 .text.imx_iomux_v3_setup_pad
                0x0000000017801910       0xb8 arch/arm/imx-common/built-in.o
                0x0000000017801910                imx_iomux_v3_setup_pad
 .text.imx_iomux_v3_setup_multiple_pads
                0x00000000178019c8       0x2c arch/arm/imx-common/built-in.o
                0x00000000178019c8                imx_iomux_v3_setup_multiple_pads
 .text.imx_iomux_set_gpr_register
                0x00000000178019f4       0x40 arch/arm/imx-common/built-in.o
                0x00000000178019f4                imx_iomux_set_gpr_register
 .text.imx_ddr_size
                0x0000000017801a34       0x64 arch/arm/imx-common/built-in.o
                0x0000000017801a34                imx_ddr_size
 .text.get_imx_type
                0x0000000017801a98       0x20 arch/arm/imx-common/built-in.o
                0x0000000017801a98                get_imx_type
 .text.print_cpuinfo
                0x0000000017801ab8      0x1d8 arch/arm/imx-common/built-in.o
                0x0000000017801ab8                print_cpuinfo
 .text.cpu_eth_init
                0x0000000017801c90        0x4 arch/arm/imx-common/built-in.o
                0x0000000017801c90                cpu_eth_init
 .text.cpu_mmc_init
                0x0000000017801c94        0x4 arch/arm/imx-common/built-in.o
                0x0000000017801c94                cpu_mmc_init
 .text.get_ahb_clk
                0x0000000017801c98       0x24 arch/arm/imx-common/built-in.o
                0x0000000017801c98                get_ahb_clk
 .text.arch_preboot_os
                0x0000000017801cbc       0x14 arch/arm/imx-common/built-in.o
                0x0000000017801cbc                arch_preboot_os
 .text.get_clocks
                0x0000000017801cd0       0x1c arch/arm/imx-common/built-in.o
                0x0000000017801cd0                get_clocks
 .text.force_idle_bus
                0x0000000017801cec      0x1c0 arch/arm/imx-common/built-in.o
 .text.setup_i2c
                0x0000000017801eac       0xdc arch/arm/imx-common/built-in.o
                0x0000000017801eac                setup_i2c
 .text.board_video_skip
                0x0000000017801f88      0x180 arch/arm/imx-common/built-in.o
                0x0000000017801f88                board_video_skip
 .text.timer_init
                0x0000000017802108      0x130 arch/arm/imx-common/built-in.o
                0x0000000017802108                timer_init
 .text.get_ticks
                0x0000000017802238       0x3c arch/arm/imx-common/built-in.o
                0x0000000017802238                get_ticks
 .text.get_timer_masked
                0x0000000017802274       0xe4 arch/arm/imx-common/built-in.o
                0x0000000017802274                get_timer_masked
 .text.get_timer
                0x0000000017802358       0x14 arch/arm/imx-common/built-in.o
                0x0000000017802358                get_timer
 .text.__udelay
                0x000000001780236c      0x11c arch/arm/imx-common/built-in.o
                0x000000001780236c                __udelay
 .text.get_tbclk
                0x0000000017802488       0x90 arch/arm/imx-common/built-in.o
                0x0000000017802488                get_tbclk
 .text.do_boot_mode
                0x0000000017802518       0xd8 arch/arm/imx-common/built-in.o
 .text.create_usage
                0x00000000178025f0       0xa0 arch/arm/imx-common/built-in.o
 .text.add_board_boot_modes
                0x0000000017802690       0x64 arch/arm/imx-common/built-in.o
                0x0000000017802690                add_board_boot_modes
 .text          0x00000000178026f4       0xa8 arch/arm/lib/built-in.o
                0x00000000178026f4                _main
 .text.relocate_vectors
                0x000000001780279c       0x70 arch/arm/lib/built-in.o
                0x000000001780279c                relocate_vectors
                0x00000000178027a8                relocate_code
 .text.arch_fixup_fdt
                0x000000001780280c       0x38 arch/arm/lib/built-in.o
                0x000000001780280c                arch_fixup_fdt
 .text.boot_jump_linux
                0x0000000017802844       0xb4 arch/arm/lib/built-in.o
 .text.arch_lmb_reserve
                0x00000000178028f8       0x24 arch/arm/lib/built-in.o
                0x00000000178028f8                arch_lmb_reserve
 .text.setup_board_tags
                0x000000001780291c        0x4 arch/arm/lib/built-in.o
                0x000000001780291c                setup_board_tags
 .text.boot_prep_linux
                0x0000000017802920      0x1cc arch/arm/lib/built-in.o
 .text.do_bootm_linux
                0x0000000017802aec       0x5c arch/arm/lib/built-in.o
                0x0000000017802aec                do_bootm_linux
 .text.bootz_setup
                0x0000000017802b48       0x60 arch/arm/lib/built-in.o
                0x0000000017802b48                bootz_setup
 .text.boot_prep_vxworks
                0x0000000017802ba8       0x4c arch/arm/lib/built-in.o
                0x0000000017802ba8                boot_prep_vxworks
 .text.boot_jump_vxworks
                0x0000000017802bf4       0x14 arch/arm/lib/built-in.o
                0x0000000017802bf4                boot_jump_vxworks
 .text.v7_outer_cache_inval_all
                0x0000000017802c08       0x44 arch/arm/lib/built-in.o
                0x0000000017802c08                v7_outer_cache_inval_all
 .text.v7_outer_cache_flush_all
                0x0000000017802c4c       0x44 arch/arm/lib/built-in.o
                0x0000000017802c4c                v7_outer_cache_flush_all
 .text.v7_outer_cache_flush_range
                0x0000000017802c90       0x30 arch/arm/lib/built-in.o
                0x0000000017802c90                v7_outer_cache_flush_range
 .text.v7_outer_cache_inval_range
                0x0000000017802cc0       0x80 arch/arm/lib/built-in.o
                0x0000000017802cc0                v7_outer_cache_inval_range
 .text.arch_reserve_stacks
                0x0000000017802d40       0x1c arch/arm/lib/built-in.o
                0x0000000017802d40                arch_reserve_stacks
 .text.interrupt_init
                0x0000000017802d5c       0x1c arch/arm/lib/built-in.o
                0x0000000017802d5c                interrupt_init
 .text.enable_interrupts
                0x0000000017802d78        0x4 arch/arm/lib/built-in.o
                0x0000000017802d78                enable_interrupts
 .text.disable_interrupts
                0x0000000017802d7c        0x8 arch/arm/lib/built-in.o
                0x0000000017802d7c                disable_interrupts
 .text.bad_mode
                0x0000000017802d84       0x10 arch/arm/lib/built-in.o
                0x0000000017802d84                bad_mode
 .text.show_regs
                0x0000000017802d94      0x174 arch/arm/lib/built-in.o
                0x0000000017802d94                show_regs
 .text.do_undefined_instruction
                0x0000000017802f08       0x20 arch/arm/lib/built-in.o
                0x0000000017802f08                do_undefined_instruction
 .text.do_software_interrupt
                0x0000000017802f28       0x20 arch/arm/lib/built-in.o
                0x0000000017802f28                do_software_interrupt
 .text.do_prefetch_abort
                0x0000000017802f48       0x20 arch/arm/lib/built-in.o
                0x0000000017802f48                do_prefetch_abort
 .text.do_data_abort
                0x0000000017802f68       0x20 arch/arm/lib/built-in.o
                0x0000000017802f68                do_data_abort
 .text.do_not_used
                0x0000000017802f88       0x20 arch/arm/lib/built-in.o
                0x0000000017802f88                do_not_used
 .text.do_fiq   0x0000000017802fa8       0x20 arch/arm/lib/built-in.o
                0x0000000017802fa8                do_fiq
 .text.do_irq   0x0000000017802fc8       0x20 arch/arm/lib/built-in.o
                0x0000000017802fc8                do_irq
 .text.do_reset
                0x0000000017802fe8       0x30 arch/arm/lib/built-in.o
                0x0000000017802fe8                do_reset
 .text.cp_delay
                0x0000000017803018       0x30 arch/arm/lib/built-in.o
 .text.cache_disable
                0x0000000017803048       0x50 arch/arm/lib/built-in.o
 .text.arm_init_domains
                0x0000000017803098        0x4 arch/arm/lib/built-in.o
                0x0000000017803098                arm_init_domains
 .text.set_section_dcache
                0x000000001780309c       0x14 arch/arm/lib/built-in.o
                0x000000001780309c                set_section_dcache
 .text.mmu_set_region_dcache_behaviour
                0x00000000178030b0       0x50 arch/arm/lib/built-in.o
                0x00000000178030b0                mmu_set_region_dcache_behaviour
 .text.dram_bank_mmu_setup
                0x0000000017803100       0x48 arch/arm/lib/built-in.o
                0x0000000017803100                dram_bank_mmu_setup
 .text.cache_enable
                0x0000000017803148       0x78 arch/arm/lib/built-in.o
 .text.icache_enable
                0x00000000178031c0        0x8 arch/arm/lib/built-in.o
                0x00000000178031c0                icache_enable
 .text.icache_disable
                0x00000000178031c8        0x8 arch/arm/lib/built-in.o
                0x00000000178031c8                icache_disable
 .text.icache_status
                0x00000000178031d0        0xc arch/arm/lib/built-in.o
                0x00000000178031d0                icache_status
 .text.dcache_enable
                0x00000000178031dc        0x8 arch/arm/lib/built-in.o
                0x00000000178031dc                dcache_enable
 .text.dcache_disable
                0x00000000178031e4        0x8 arch/arm/lib/built-in.o
                0x00000000178031e4                dcache_disable
 .text.dcache_status
                0x00000000178031ec        0xc arch/arm/lib/built-in.o
                0x00000000178031ec                dcache_status
 .text.pfuze_mode_init
                0x00000000178031f8       0x9c board/freescale/common/built-in.o
                0x00000000178031f8                pfuze_mode_init
 .text.pfuze_common_init
                0x0000000017803294      0x108 board/freescale/common/built-in.o
                0x0000000017803294                pfuze_common_init
 .text.check_recovery_mode
                0x000000001780339c       0x34 board/freescale/common/built-in.o
                0x000000001780339c                check_recovery_mode
 .text.enable_lvds
                0x00000000178033d0       0x14 board/freescale/mx6sabresd/built-in.o
 .text.enable_rgb
                0x00000000178033e4       0x24 board/freescale/mx6sabresd/built-in.o
 .text.do_enable_hdmi
                0x0000000017803408       0x18 board/freescale/mx6sabresd/built-in.o
 .text.dram_init
                0x0000000017803420       0x18 board/freescale/mx6sabresd/built-in.o
                0x0000000017803420                dram_init
 .text.mmc_get_env_devno
                0x0000000017803438       0x24 board/freescale/mx6sabresd/built-in.o
                0x0000000017803438                mmc_get_env_devno
 .text.board_mmc_getcd
                0x000000001780345c       0x5c board/freescale/mx6sabresd/built-in.o
                0x000000001780345c                board_mmc_getcd
 .text.board_mmc_init
                0x00000000178034b8       0xb8 board/freescale/mx6sabresd/built-in.o
                0x00000000178034b8                board_mmc_init
 .text.check_mmc_autodetect
                0x0000000017803570       0x38 board/freescale/mx6sabresd/built-in.o
                0x0000000017803570                check_mmc_autodetect
 .text.board_late_mmc_env_init
                0x00000000178035a8       0x78 board/freescale/mx6sabresd/built-in.o
                0x00000000178035a8                board_late_mmc_env_init
 .text.mx6_rgmii_rework
                0x0000000017803620      0x10c board/freescale/mx6sabresd/built-in.o
                0x0000000017803620                mx6_rgmii_rework
 .text.board_phy_config
                0x000000001780372c       0x2c board/freescale/mx6sabresd/built-in.o
                0x000000001780372c                board_phy_config
 .text.overwrite_console
                0x0000000017803758        0x8 board/freescale/mx6sabresd/built-in.o
                0x0000000017803758                overwrite_console
 .text.board_eth_init
                0x0000000017803760       0x54 board/freescale/mx6sabresd/built-in.o
                0x0000000017803760                board_eth_init
 .text.board_ehci_hcd_init
                0x00000000178037b4       0x28 board/freescale/mx6sabresd/built-in.o
                0x00000000178037b4                board_ehci_hcd_init
 .text.board_ehci_power
                0x00000000178037dc       0x60 board/freescale/mx6sabresd/built-in.o
                0x00000000178037dc                board_ehci_power
 .text.board_early_init_f
                0x000000001780383c       0x8c board/freescale/mx6sabresd/built-in.o
                0x000000001780383c                board_early_init_f
 .text.board_init
                0x00000000178038c8       0x6c board/freescale/mx6sabresd/built-in.o
                0x00000000178038c8                board_init
 .text.power_init_board
                0x0000000017803934      0x268 board/freescale/mx6sabresd/built-in.o
                0x0000000017803934                power_init_board
 .text.ldo_mode_set
                0x0000000017803b9c      0x2a0 board/freescale/mx6sabresd/built-in.o
                0x0000000017803b9c                ldo_mode_set
 .text.board_late_init
                0x0000000017803e3c       0x1c board/freescale/mx6sabresd/built-in.o
                0x0000000017803e3c                board_late_init
 .text.checkboard
                0x0000000017803e58       0x18 board/freescale/mx6sabresd/built-in.o
                0x0000000017803e58                checkboard
 .text.board_fastboot_setup
                0x0000000017803e70      0x110 board/freescale/mx6sabresd/built-in.o
                0x0000000017803e70                board_fastboot_setup
 .text.check_recovery_cmd_file
                0x0000000017803f80       0x58 board/freescale/mx6sabresd/built-in.o
                0x0000000017803f80                check_recovery_cmd_file
 .text.board_recovery_setup
                0x0000000017803fd8       0xd4 board/freescale/mx6sabresd/built-in.o
                0x0000000017803fd8                board_recovery_setup
 .text.show_boot_progress
                0x00000000178040ac        0x4 common/built-in.o
                0x00000000178040ac                show_boot_progress
 .text.main_loop
                0x00000000178040b0       0x20 common/built-in.o
                0x00000000178040b0                main_loop
 .text.dummy    0x00000000178040d0        0x4 common/built-in.o
 .text.get_version
                0x00000000178040d4        0x8 common/built-in.o
                0x00000000178040d4                get_version
 .text.jumptable_init
                0x00000000178040dc      0x1c0 common/built-in.o
                0x00000000178040dc                jumptable_init
 .text.hash_command
                0x000000001780429c       0xb8 common/built-in.o
                0x000000001780429c                hash_command
 .text.b_reset  0x0000000017804354       0x1c common/built-in.o
 .text.static_get
                0x0000000017804370       0x1c common/built-in.o
 .text.static_peek
                0x000000001780438c        0xc common/built-in.o
 .text.file_peek
                0x0000000017804398        0xc common/built-in.o
 .text.mapset   0x00000000178043a4       0x20 common/built-in.o
 .text.syntax_err
                0x00000000178043c4        0xc common/built-in.o
 .text.do_showvar
                0x00000000178043d0       0xf0 common/built-in.o
 .text.free_pipe
                0x00000000178044c0       0xf0 common/built-in.o
 .text.b_addchr
                0x00000000178045b0       0x78 common/built-in.o
 .text.b_addqchr
                0x0000000017804628       0x4c common/built-in.o
 .text.xmalloc  0x0000000017804674       0x20 common/built-in.o
 .text.file_get
                0x0000000017804694      0x1c8 common/built-in.o
 .text.xrealloc
                0x000000001780485c       0x20 common/built-in.o
 .text.done_command
                0x000000001780487c       0x8c common/built-in.o
 .text.done_pipe
                0x0000000017804908       0x60 common/built-in.o
 .text.done_word
                0x0000000017804968      0x2e4 common/built-in.o
 .text.get_local_var
                0x0000000017804c4c       0x94 common/built-in.o
                0x0000000017804c4c                get_local_var
 .text.set_local_var
                0x0000000017804ce0      0x1bc common/built-in.o
                0x0000000017804ce0                set_local_var
 .text.insert_var_value_sub
                0x0000000017804e9c      0x2b4 common/built-in.o
 .text.parse_string_outer
                0x0000000017805150       0xf0 common/built-in.o
                0x0000000017805150                parse_string_outer
 .text.run_list_real
                0x0000000017805240      0x878 common/built-in.o
 .text.parse_stream_outer
                0x0000000017805ab8      0x768 common/built-in.o
 .text.parse_file_outer
                0x0000000017806220       0x44 common/built-in.o
                0x0000000017806220                parse_file_outer
 .text.u_boot_hush_start
                0x0000000017806264       0x54 common/built-in.o
                0x0000000017806264                u_boot_hush_start
 .text.bootdelay_process
                0x00000000178062b8       0xcc common/built-in.o
                0x00000000178062b8                bootdelay_process
 .text.autoboot_command
                0x0000000017806384       0xd4 common/built-in.o
                0x0000000017806384                autoboot_command
 .text.display_text_info
                0x0000000017806458        0x8 common/built-in.o
 .text.setup_mon_len
                0x0000000017806460       0x20 common/built-in.o
 .text.setup_fdt
                0x0000000017806480        0x8 common/built-in.o
 .text.reserve_round_4k
                0x0000000017806488       0x18 common/built-in.o
 .text.reserve_mmu
                0x00000000178064a0       0x38 common/built-in.o
 .text.reserve_trace
                0x00000000178064d8        0x8 common/built-in.o
 .text.reserve_uboot
                0x00000000178064e0       0x30 common/built-in.o
 .text.reserve_malloc
                0x0000000017806510       0x18 common/built-in.o
 .text.setup_machine
                0x0000000017806528       0x14 common/built-in.o
 .text.reserve_global_data
                0x000000001780653c       0x1c common/built-in.o
 .text.reserve_fdt
                0x0000000017806558       0x4c common/built-in.o
 .text.display_new_sp
                0x00000000178065a4        0x8 common/built-in.o
 .text.initf_malloc
                0x00000000178065ac       0x1c common/built-in.o
 .text.reserve_arch
                0x00000000178065c8        0x8 common/built-in.o
                0x00000000178065c8                reserve_arch
 .text.setup_reloc
                0x00000000178065d0       0x28 common/built-in.o
 .text.reloc_fdt
                0x00000000178065f8       0x30 common/built-in.o
 .text.announce_dram_init
                0x0000000017806628       0x18 common/built-in.o
 .text.init_func_i2c
                0x0000000017806640       0x28 common/built-in.o
 .text.init_baud_rate
                0x0000000017806668       0x2c common/built-in.o
 .text.initf_dm
                0x0000000017806694        0x8 common/built-in.o
 .text.mark_bootstage
                0x000000001780669c       0x14 common/built-in.o
 .text.reserve_board
                0x00000000178066b0       0x38 common/built-in.o
 .text.coloured_LED_init
                0x00000000178066e8        0x4 common/built-in.o
                0x00000000178066e8                coloured_LED_init
 .text.red_led_on
                0x00000000178066ec        0x4 common/built-in.o
                0x00000000178066ec                red_led_on
 .text.board_add_ram_info
                0x00000000178066f0        0x4 common/built-in.o
                0x00000000178066f0                board_add_ram_info
 .text.show_dram_config
                0x00000000178066f4       0x38 common/built-in.o
 .text.dram_init_banksize
                0x000000001780672c       0x20 common/built-in.o
                0x000000001780672c                dram_init_banksize
 .text.setup_dram_config
                0x000000001780674c       0x10 common/built-in.o
 .text.board_get_usable_ram_top
                0x000000001780675c       0x14 common/built-in.o
                0x000000001780675c                board_get_usable_ram_top
 .text.setup_dest_addr
                0x0000000017806770       0x40 common/built-in.o
 .text.reserve_stacks
                0x00000000178067b0       0x1c common/built-in.o
 .text.board_init_f
                0x00000000178067cc       0x28 common/built-in.o
                0x00000000178067cc                board_init_f
 .text.bootstage_relocate
                0x00000000178067f4        0x8 common/built-in.o
 .text.initr_trace
                0x00000000178067fc        0x8 common/built-in.o
 .text.initr_reloc_global_data
                0x0000000017806804       0x28 common/built-in.o
 .text.initr_barrier
                0x000000001780682c        0x8 common/built-in.o
 .text.initr_announce
                0x0000000017806834        0x8 common/built-in.o
 .text.run_main_loop
                0x000000001780683c        0xc common/built-in.o
 .text.initr_check_fastboot
                0x0000000017806848       0x10 common/built-in.o
 .text.initr_net
                0x0000000017806858       0x20 common/built-in.o
 .text.initr_fastboot_setup
                0x0000000017806878       0x10 common/built-in.o
 .text.initr_ethaddr
                0x0000000017806888       0x20 common/built-in.o
 .text.initr_enable_interrupts
                0x00000000178068a8       0x10 common/built-in.o
 .text.initr_jumptable
                0x00000000178068b8       0x10 common/built-in.o
 .text.initr_env
                0x00000000178068c8       0x30 common/built-in.o
 .text.initr_mmc
                0x00000000178068f8       0x20 common/built-in.o
 .text.initr_serial
                0x0000000017806918       0x10 common/built-in.o
 .text.initr_dm
                0x0000000017806928       0x14 common/built-in.o
 .text.initr_malloc
                0x000000001780693c       0x24 common/built-in.o
 .text.initr_caches
                0x0000000017806960       0x10 common/built-in.o
 .text.initr_reloc
                0x0000000017806970       0x24 common/built-in.o
 .text.cpu_secondary_init_r
                0x0000000017806994        0x4 common/built-in.o
                0x0000000017806994                cpu_secondary_init_r
 .text.initr_secondary_cpu
                0x0000000017806998       0x10 common/built-in.o
 .text.board_init_r
                0x00000000178069a8       0x14 common/built-in.o
                0x00000000178069a8                board_init_r
 .text.show_board_info
                0x00000000178069bc        0x4 common/built-in.o
                0x00000000178069bc                show_board_info
 .text.do_go_exec
                0x00000000178069c0       0x18 common/built-in.o
                0x00000000178069c0                do_go_exec
 .text.do_go    0x00000000178069d8       0x6c common/built-in.o
 .text.image_info
                0x0000000017806a44       0xd0 common/built-in.o
 .text.do_bootd
                0x0000000017806b14       0x20 common/built-in.o
                0x0000000017806b14                do_bootd
 .text.do_bootm
                0x0000000017806b34      0x100 common/built-in.o
                0x0000000017806b34                do_bootm
 .text.do_iminfo
                0x0000000017806c34       0x60 common/built-in.o
 .text.bootm_maybe_autostart
                0x0000000017806c94       0x74 common/built-in.o
                0x0000000017806c94                bootm_maybe_autostart
 .text.do_bootz
                0x0000000017806d08       0xf8 common/built-in.o
                0x0000000017806d08                do_bootz
 .text.bootm_find_ramdisk_fdt
                0x0000000017806e00       0xa8 common/built-in.o
                0x0000000017806e00                bootm_find_ramdisk_fdt
 .text.bootm_decomp_image
                0x0000000017806ea8      0x154 common/built-in.o
                0x0000000017806ea8                bootm_decomp_image
 .text.bootm_disable_interrupts
                0x0000000017806ffc       0x18 common/built-in.o
                0x0000000017806ffc                bootm_disable_interrupts
 .text.do_bootm_states
                0x0000000017807014      0x7e4 common/built-in.o
                0x0000000017807014                do_bootm_states
 .text.copy_args
                0x00000000178077f8       0x4c common/built-in.o
 .text.do_bootm_rtems
                0x0000000017807844       0x40 common/built-in.o
 .text.do_bootm_plan9
                0x0000000017807884       0xa4 common/built-in.o
 .text.do_bootm_standalone
                0x0000000017807928       0x64 common/built-in.o
 .text.do_bootm_netbsd
                0x000000001780798c       0xf4 common/built-in.o
 .text.do_bootvx_fdt
                0x0000000017807a80      0x104 common/built-in.o
                0x0000000017807a80                do_bootvx_fdt
 .text.do_bootm_vxworks
                0x0000000017807b84       0x24 common/built-in.o
 .text.boot_selected_os
                0x0000000017807ba8       0x58 common/built-in.o
                0x0000000017807ba8                boot_selected_os
 .text.bootm_os_get_boot_func
                0x0000000017807c00       0x10 common/built-in.o
                0x0000000017807c00                bootm_os_get_boot_func
 .text.do_help  0x0000000017807c10       0x44 common/built-in.o
 .text.do_version
                0x0000000017807c54       0x38 common/built-in.o
 .text.env_attr_walk
                0x0000000017807c8c      0x10c common/built-in.o
                0x0000000017807c8c                env_attr_walk
 .text.env_attr_lookup
                0x0000000017807d98      0x188 common/built-in.o
                0x0000000017807d98                env_attr_lookup
 .text.clear_callback
                0x0000000017807f20       0x10 common/built-in.o
 .text.on_callbacks
                0x0000000017807f30       0x48 common/built-in.o
 .text.find_env_callback
                0x0000000017807f78       0x64 common/built-in.o
 .text.set_callback
                0x0000000017807fdc       0x94 common/built-in.o
 .text.env_callback_init
                0x0000000017808070       0xc0 common/built-in.o
                0x0000000017808070                env_callback_init
 .text.skip_num
                0x0000000017808130       0x70 common/built-in.o
 .text.clear_flags
                0x00000000178081a0       0x10 common/built-in.o
 .text.on_flags
                0x00000000178081b0       0x48 common/built-in.o
 .text.env_flags_parse_vartype
                0x00000000178081f8       0x4c common/built-in.o
                0x00000000178081f8                env_flags_parse_vartype
 .text.env_flags_parse_varaccess
                0x0000000017808244       0x54 common/built-in.o
                0x0000000017808244                env_flags_parse_varaccess
 .text.set_flags
                0x0000000017808298       0xac common/built-in.o
 .text.env_flags_init
                0x0000000017808344       0xd0 common/built-in.o
                0x0000000017808344                env_flags_init
 .text.env_flags_validate
                0x0000000017808414      0x310 common/built-in.o
                0x0000000017808414                env_flags_validate
 .text.mmc_get_env_addr
                0x0000000017808724       0x10 common/built-in.o
                0x0000000017808724                mmc_get_env_addr
 .text.env_init
                0x0000000017808734       0x1c common/built-in.o
                0x0000000017808734                env_init
 .text.mmc_get_env_part
                0x0000000017808750        0x8 common/built-in.o
                0x0000000017808750                mmc_get_env_part
 .text.init_mmc_for_env
                0x0000000017808758       0x74 common/built-in.o
 .text.saveenv  0x00000000178087cc      0x138 common/built-in.o
                0x00000000178087cc                saveenv
 .text.env_relocate_spec
                0x0000000017808904      0x10c common/built-in.o
                0x0000000017808904                env_relocate_spec
 .text.source   0x0000000017808a10       0xdc common/built-in.o
                0x0000000017808a10                source
 .text.do_source
                0x0000000017808aec       0x44 common/built-in.o
 .text.print_num
                0x0000000017808b30       0x18 common/built-in.o
 .text.do_bdinfo
                0x0000000017808b48      0x18c common/built-in.o
 .text.parse_argv
                0x0000000017808cd4       0x5c common/built-in.o
 .text.do_icache
                0x0000000017808d30       0x90 common/built-in.o
 .text.do_dcache
                0x0000000017808dc0       0x90 common/built-in.o
 .text.do_coninfo
                0x0000000017808e50       0xb8 common/built-in.o
 .text.do_echo  0x0000000017808f08       0xc0 common/built-in.o
 .text.do_exit  0x0000000017808fc8       0x30 common/built-in.o
 .text.do_ext4_write
                0x0000000017808ff8       0x14 common/built-in.o
                0x0000000017808ff8                do_ext4_write
 .text.do_ext4_ls
                0x000000001780900c       0x14 common/built-in.o
                0x000000001780900c                do_ext4_ls
 .text.do_ext4_load
                0x0000000017809020       0x14 common/built-in.o
                0x0000000017809020                do_ext4_load
 .text.do_ext4_size
                0x0000000017809034       0x14 common/built-in.o
                0x0000000017809034                do_ext4_size
 .text.do_ext2ls
                0x0000000017809048       0x14 common/built-in.o
 .text.do_ext2load
                0x000000001780905c       0x14 common/built-in.o
                0x000000001780905c                do_ext2load
 .text.do_fat_ls
                0x0000000017809070       0x14 common/built-in.o
 .text.do_fat_fsload
                0x0000000017809084       0x14 common/built-in.o
                0x0000000017809084                do_fat_fsload
 .text.do_fat_size
                0x0000000017809098       0x14 common/built-in.o
                0x0000000017809098                do_fat_size
 .text.do_fat_fsinfo
                0x00000000178090ac       0x90 common/built-in.o
 .text.fdt_valid
                0x000000001780913c       0xc4 common/built-in.o
 .text.is_printable_string
                0x0000000017809200       0x98 common/built-in.o
 .text.print_data
                0x0000000017809298      0x170 common/built-in.o
 .text.set_working_fdt_addr
                0x0000000017809408       0x1c common/built-in.o
                0x0000000017809408                set_working_fdt_addr
 .text.do_fdt   0x0000000017809424      0xeb8 common/built-in.o
 .text.fdt_find_and_setprop
                0x000000001780a2dc       0x70 common/built-in.o
                0x000000001780a2dc                fdt_find_and_setprop
 .text.fdt_find_or_add_subnode
                0x000000001780a34c       0x68 common/built-in.o
                0x000000001780a34c                fdt_find_or_add_subnode
 .text.fdt_initrd
                0x000000001780a3b4      0x1e0 common/built-in.o
                0x000000001780a3b4                fdt_initrd
 .text.fdt_chosen
                0x000000001780a594       0xa4 common/built-in.o
                0x000000001780a594                fdt_chosen
 .text.do_fixup_by_path
                0x000000001780a638       0x54 common/built-in.o
                0x000000001780a638                do_fixup_by_path
 .text.fdt_fixup_memory_banks
                0x000000001780a68c      0x1d0 common/built-in.o
                0x000000001780a68c                fdt_fixup_memory_banks
 .text.fdt_fixup_memory
                0x000000001780a85c       0x20 common/built-in.o
                0x000000001780a85c                fdt_fixup_memory
 .text.fdt_fixup_ethernet
                0x000000001780a87c      0x158 common/built-in.o
                0x000000001780a87c                fdt_fixup_ethernet
 .text.fdt_shrink_to_minimum
                0x000000001780a9d4       0xd0 common/built-in.o
                0x000000001780a9d4                fdt_shrink_to_minimum
 .text.do_flinfo
                0x000000001780aaa4        0x8 common/built-in.o
 .text.do_flerase
                0x000000001780aaac        0x8 common/built-in.o
 .text.do_protect
                0x000000001780aab4       0x10 common/built-in.o
 .text.strtou32
                0x000000001780aac4       0x40 common/built-in.o
 .text.do_fuse  0x000000001780ab04      0x350 common/built-in.o
 .text.do_i2c   0x000000001780ae54       0x60 common/built-in.o
 .text.i2c_report_err
                0x000000001780aeb4       0x38 common/built-in.o
 .text.do_i2c_reset
                0x000000001780aeec       0x30 common/built-in.o
 .text.do_i2c_probe
                0x000000001780af1c       0x9c common/built-in.o
 .text.do_i2c_bus_num
                0x000000001780afb8       0xb8 common/built-in.o
 .text.do_i2c_bus_speed
                0x000000001780b070       0x74 common/built-in.o
 .text.do_i2c_show_bus
                0x000000001780b0e4       0xe4 common/built-in.o
 .text.get_alen.constprop.5
                0x000000001780b1c8       0x44 common/built-in.o
 .text.mod_i2c_mem.isra.4
                0x000000001780b20c      0x1e0 common/built-in.o
 .text.do_i2c_nm
                0x000000001780b3ec        0x8 common/built-in.o
 .text.do_i2c_mm
                0x000000001780b3f4        0x8 common/built-in.o
 .text.do_i2c_loop
                0x000000001780b3fc       0xd4 common/built-in.o
 .text.do_i2c_write
                0x000000001780b4d0      0x144 common/built-in.o
 .text.do_i2c_crc
                0x000000001780b614      0x114 common/built-in.o
 .text.do_i2c_md
                0x000000001780b728      0x1c0 common/built-in.o
 .text.do_i2c_read
                0x000000001780b8e8       0xb0 common/built-in.o
 .text.do_i2c_mw
                0x000000001780b998       0xec common/built-in.o
 .text.i2c_init_board
                0x000000001780ba84        0x4 common/built-in.o
                0x000000001780ba84                i2c_init_board
 .text.evalexp  0x000000001780ba88       0x70 common/built-in.o
 .text.evalstr  0x000000001780baf8       0x70 common/built-in.o
 .text.binary_test
                0x000000001780bb68      0x19c common/built-in.o
 .text.do_itest
                0x000000001780bd04       0x98 common/built-in.o
 .text.bin_data_init
                0x000000001780bd9c       0x2c common/built-in.o
 .text.load_serial_ymodem
                0x000000001780bdc8       0xd8 common/built-in.o
 .text.getcxmodem
                0x000000001780bea0       0x20 common/built-in.o
 .text.bin_data_char
                0x000000001780bec0       0x28 common/built-in.o
 .text.s1_sendpacket.constprop.1
                0x000000001780bee8       0x50 common/built-in.o
 .text.load_serial
                0x000000001780bf38      0x1e8 common/built-in.o
 .text.do_load_serial
                0x000000001780c120       0xd8 common/built-in.o
 .text.chk1.constprop.3
                0x000000001780c1f8       0x30 common/built-in.o
 .text.do_load_serial_bin
                0x000000001780c228      0x894 common/built-in.o
 .text.do_mem_mtest
                0x000000001780cabc      0x20c common/built-in.o
 .text.do_mem_loop
                0x000000001780ccc8      0x104 common/built-in.o
 .text.do_mem_base
                0x000000001780cdcc       0x40 common/built-in.o
 .text.do_mem_cmp
                0x000000001780ce0c      0x160 common/built-in.o
 .text.do_mem_cp
                0x000000001780cf6c       0xd4 common/built-in.o
 .text.do_mem_mw
                0x000000001780d040       0xb8 common/built-in.o
 .text.do_mem_crc
                0x000000001780d0f8       0x44 common/built-in.o
 .text.do_mem_md
                0x000000001780d13c       0xe4 common/built-in.o
 .text.mod_mem.isra.2
                0x000000001780d220      0x15c common/built-in.o
 .text.do_mem_nm
                0x000000001780d37c        0x8 common/built-in.o
 .text.do_mem_mm
                0x000000001780d384        0x8 common/built-in.o
 .text.miiphy_get_dev_by_name
                0x000000001780d38c       0x5c common/built-in.o
                0x000000001780d38c                miiphy_get_dev_by_name
 .text.miiphy_init
                0x000000001780d3e8       0x24 common/built-in.o
                0x000000001780d3e8                miiphy_init
 .text.mdio_alloc
                0x000000001780d40c       0x30 common/built-in.o
                0x000000001780d40c                mdio_alloc
 .text.mdio_register
                0x000000001780d43c       0x94 common/built-in.o
                0x000000001780d43c                mdio_register
 .text.mdio_list_devices
                0x000000001780d4d0       0x98 common/built-in.o
                0x000000001780d4d0                mdio_list_devices
 .text.miiphy_set_current_dev
                0x000000001780d568       0x40 common/built-in.o
                0x000000001780d568                miiphy_set_current_dev
 .text.miiphy_get_active_dev
                0x000000001780d5a8       0x50 common/built-in.o
 .text.mdio_get_current_dev
                0x000000001780d5f8       0x10 common/built-in.o
                0x000000001780d5f8                mdio_get_current_dev
 .text.mdio_phydev_for_ethname
                0x000000001780d608       0x88 common/built-in.o
                0x000000001780d608                mdio_phydev_for_ethname
 .text.miiphy_get_current_dev
                0x000000001780d690       0x18 common/built-in.o
                0x000000001780d690                miiphy_get_current_dev
 .text.miiphy_read
                0x000000001780d6a8       0x48 common/built-in.o
                0x000000001780d6a8                miiphy_read
 .text.miiphy_write
                0x000000001780d6f0       0x3c common/built-in.o
                0x000000001780d6f0                miiphy_write
 .text.miiphy_listdev
                0x000000001780d72c       0x70 common/built-in.o
                0x000000001780d72c                miiphy_listdev
 .text.miiphy_info
                0x000000001780d79c       0x84 common/built-in.o
                0x000000001780d79c                miiphy_info
 .text.miiphy_speed
                0x000000001780d820       0x8c common/built-in.o
                0x000000001780d820                miiphy_speed
 .text.miiphy_duplex
                0x000000001780d8ac       0x8c common/built-in.o
                0x000000001780d8ac                miiphy_duplex
 .text.miiphy_is_1000base_x
                0x000000001780d938        0x8 common/built-in.o
                0x000000001780d938                miiphy_is_1000base_x
 .text.extract_range
                0x000000001780d940       0xd4 common/built-in.o
 .text.do_mii   0x000000001780da14      0x794 common/built-in.o
 .text.do_mdio  0x000000001780e1a8      0x4cc common/built-in.o
 .text.do_sleep
                0x000000001780e674       0x74 common/built-in.o
 .text.do_mmcops
                0x000000001780e6e8       0xb8 common/built-in.o
 .text.do_mmc_list
                0x000000001780e7a0       0x14 common/built-in.o
 .text.init_mmc_device
                0x000000001780e7b4       0x50 common/built-in.o
 .text.do_mmc_rescan
                0x000000001780e804       0x24 common/built-in.o
 .text.do_mmcinfo
                0x000000001780e828      0x378 common/built-in.o
 .text.do_mmc_rst_func
                0x000000001780eba0       0xa0 common/built-in.o
 .text.do_mmc_partconf
                0x000000001780ec40       0xb4 common/built-in.o
 .text.do_mmc_boot_resize
                0x000000001780ecf4       0xd0 common/built-in.o
 .text.do_mmc_bootbus
                0x000000001780edc4       0xb4 common/built-in.o
 .text.do_mmc_hwpartition
                0x000000001780ee78      0x510 common/built-in.o
 .text.do_mmc_dev
                0x000000001780f388      0x138 common/built-in.o
 .text.do_mmc_part
                0x000000001780f4c0       0x64 common/built-in.o
 .text.do_mmc_erase
                0x000000001780f524       0xec common/built-in.o
 .text.do_mmc_write
                0x000000001780f610      0x104 common/built-in.o
 .text.do_mmc_read
                0x000000001780f714       0xe8 common/built-in.o
 .text.do_mmc_setdsr
                0x000000001780f7fc       0xa8 common/built-in.o
 .text.cpu_cmd  0x000000001780f8a4      0x10c common/built-in.o
 .text.netboot_common
                0x000000001780f9b0      0x29c common/built-in.o
 .text.do_nfs   0x000000001780fc4c        0xc common/built-in.o
 .text.do_dhcp  0x000000001780fc58        0xc common/built-in.o
 .text.do_bootp
                0x000000001780fc64        0xc common/built-in.o
 .text.do_tftpb
                0x000000001780fc70       0x40 common/built-in.o
                0x000000001780fc70                do_tftpb
 .text.do_ping  0x000000001780fcb0       0x78 common/built-in.o
 .text.do_setexpr
                0x000000001780fd28      0x1c8 common/built-in.o
 .text.do_false
                0x000000001780fef0        0x8 common/built-in.o
 .text.do_true  0x000000001780fef8        0x8 common/built-in.o
 .text.do_test  0x000000001780ff00      0x330 common/built-in.o
 .text.usb_get_class_desc
                0x0000000017810230       0xac common/built-in.o
 .text.do_usbboot
                0x00000000178102dc        0xc common/built-in.o
 .text.usb_display_class_sub
                0x00000000178102e8      0x174 common/built-in.o
 .text.usb_show_tree_graph
                0x000000001781045c      0x21c common/built-in.o
 .text.usb_display_string
                0x0000000017810678       0x44 common/built-in.o
 .text.usb_display_config
                0x00000000178106bc      0x218 common/built-in.o
 .text.usb_display_desc.part.3
                0x00000000178108d4      0x11c common/built-in.o
 .text.do_usb   0x00000000178109f0      0x7f8 common/built-in.o
 .text.usb_set_maxpacket_ep
                0x00000000178111e8       0x68 common/built-in.o
 .text.usb_stop
                0x0000000017811250       0x5c common/built-in.o
                0x0000000017811250                usb_stop
 .text.usb_disable_asynch
                0x00000000178112ac       0x20 common/built-in.o
                0x00000000178112ac                usb_disable_asynch
 .text.usb_control_msg
                0x00000000178112cc       0xc0 common/built-in.o
                0x00000000178112cc                usb_control_msg
 .text.usb_get_descriptor
                0x000000001781138c       0x50 common/built-in.o
 .text.usb_get_string
                0x00000000178113dc       0x6c common/built-in.o
 .text.usb_string_sub
                0x0000000017811448      0x104 common/built-in.o
 .text.usb_bulk_msg
                0x000000001781154c       0x74 common/built-in.o
                0x000000001781154c                usb_bulk_msg
 .text.usb_maxpacket
                0x00000000178115c0       0x1c common/built-in.o
                0x00000000178115c0                usb_maxpacket
 .text.usb_clear_halt
                0x00000000178115dc       0xa0 common/built-in.o
                0x00000000178115dc                usb_clear_halt
 .text.usb_get_configuration_no
                0x000000001781167c       0xb8 common/built-in.o
                0x000000001781167c                usb_get_configuration_no
 .text.usb_set_interface
                0x0000000017811734       0xb4 common/built-in.o
                0x0000000017811734                usb_set_interface
 .text.usb_string
                0x00000000178117e8      0x100 common/built-in.o
                0x00000000178117e8                usb_string
 .text.usb_get_dev_index
                0x00000000178118e8       0x24 common/built-in.o
                0x00000000178118e8                usb_get_dev_index
 .text.usb_alloc_new_device
                0x000000001781190c       0x8c common/built-in.o
                0x000000001781190c                usb_alloc_new_device
 .text.usb_free_device
                0x0000000017811998       0x48 common/built-in.o
                0x0000000017811998                usb_free_device
 .text.usb_alloc_device
                0x00000000178119e0        0x8 common/built-in.o
                0x00000000178119e0                usb_alloc_device
 .text.usb_new_device
                0x00000000178119e8      0x5c4 common/built-in.o
                0x00000000178119e8                usb_new_device
 .text.usb_init
                0x0000000017811fac      0x144 common/built-in.o
                0x0000000017811fac                usb_init
 .text.board_usb_init
                0x00000000178120f0        0x8 common/built-in.o
                0x00000000178120f0                board_usb_init
 .text.usb_get_port_status
                0x00000000178120f8       0x4c common/built-in.o
 .text.usb_clear_port_feature
                0x0000000017812144       0x4c common/built-in.o
 .text.usb_hub_power_on
                0x0000000017812190       0x7c common/built-in.o
 .text.usb_hub_reset_devices
                0x000000001781220c        0x4 common/built-in.o
                0x000000001781220c                usb_hub_reset_devices
 .text.usb_hub_reset
                0x0000000017812210       0x14 common/built-in.o
                0x0000000017812210                usb_hub_reset
 .text.hub_port_reset
                0x0000000017812224       0xcc common/built-in.o
                0x0000000017812224                hub_port_reset
 .text.usb_hub_port_connect_change
                0x00000000178122f0      0x128 common/built-in.o
                0x00000000178122f0                usb_hub_port_connect_change
 .text.usb_hub_configure
                0x0000000017812418      0x338 common/built-in.o
 .text.usb_hub_probe
                0x0000000017812750       0x58 common/built-in.o
                0x0000000017812750                usb_hub_probe
 .text.usb_stor_irq
                0x00000000178127a8       0x1c common/built-in.o
 .text.usb_request_sense
                0x00000000178127c4       0x68 common/built-in.o
 .text.usb_stor_BBB_reset
                0x000000001781282c       0xd0 common/built-in.o
 .text.usb_stor_CB_reset
                0x00000000178128fc       0xcc common/built-in.o
 .text.usb_stor_BBB_transport
                0x00000000178129c8      0x2c0 common/built-in.o
 .text.usb_stor_CB_comdat
                0x0000000017812c88      0x220 common/built-in.o
 .text.usb_stor_CBI_get_status.isra.0
                0x0000000017812ea8       0xc8 common/built-in.o
 .text.usb_stor_CB_transport
                0x0000000017812f70      0x200 common/built-in.o
 .text.usb_stor_write
                0x0000000017813170      0x1a4 common/built-in.o
                0x0000000017813170                usb_stor_write
 .text.usb_stor_read
                0x0000000017813314      0x1a4 common/built-in.o
                0x0000000017813314                usb_stor_read
 .text.usb_stor_get_dev
                0x00000000178134b8       0x28 common/built-in.o
                0x00000000178134b8                usb_stor_get_dev
 .text.usb_stor_info
                0x00000000178134e0       0x70 common/built-in.o
                0x00000000178134e0                usb_stor_info
 .text.usb_storage_probe
                0x0000000017813550      0x218 common/built-in.o
                0x0000000017813550                usb_storage_probe
 .text.usb_stor_get_info
                0x0000000017813768      0x328 common/built-in.o
                0x0000000017813768                usb_stor_get_info
 .text.usb_stor_scan
                0x0000000017813a90      0x1e4 common/built-in.o
                0x0000000017813a90                usb_stor_scan
 .text.do_fastboot
                0x0000000017813c74       0x74 common/built-in.o
 .text.write_sparse_image
                0x0000000017813ce8      0x384 common/built-in.o
                0x0000000017813ce8                write_sparse_image
 .text.ums_read_sector
                0x000000001781406c       0x20 common/built-in.o
 .text.ums_write_sector
                0x000000001781408c       0x20 common/built-in.o
 .text.ums_init
                0x00000000178140ac       0x5c common/built-in.o
                0x00000000178140ac                ums_init
 .text.do_usb_mass_storage
                0x0000000017814108      0x190 common/built-in.o
                0x0000000017814108                do_usb_mass_storage
 .text.do_imgextract
                0x0000000017814298      0x29c common/built-in.o
 .text.splash_screen_prepare
                0x0000000017814534        0x8 common/built-in.o
                0x0000000017814534                splash_screen_prepare
 .text.splash_get_pos
                0x000000001781453c       0x84 common/built-in.o
                0x000000001781453c                splash_get_pos
 .text.do_env_delete
                0x00000000178145c0       0xa8 common/built-in.o
 .text.do_env_exists
                0x0000000017814668       0x60 common/built-in.o
 .text.env_print
                0x00000000178146c8       0xc8 common/built-in.o
 .text.do_env_print
                0x0000000017814790       0xc0 common/built-in.o
 .text.do_env   0x0000000017814850       0x60 common/built-in.o
 .text.do_env_import
                0x00000000178148b0      0x294 common/built-in.o
 .text.do_env_default
                0x0000000017814b44       0xb4 common/built-in.o
 .text.do_env_save
                0x0000000017814bf8       0x2c common/built-in.o
 .text._do_env_set.isra.1
                0x0000000017814c24      0x1d8 common/built-in.o
 .text.do_env_set
                0x0000000017814dfc       0x1c common/built-in.o
 .text.get_env_id
                0x0000000017814e18       0x10 common/built-in.o
                0x0000000017814e18                get_env_id
 .text.setenv   0x0000000017814e28       0x58 common/built-in.o
                0x0000000017814e28                setenv
 .text.setenv_ulong
                0x0000000017814e80       0x20 common/built-in.o
                0x0000000017814e80                setenv_ulong
 .text.setenv_hex
                0x0000000017814ea0       0x34 common/built-in.o
                0x0000000017814ea0                setenv_hex
 .text.do_env_export
                0x0000000017814ed4      0x268 common/built-in.o
 .text.envmatch
                0x000000001781513c       0x6c common/built-in.o
                0x000000001781513c                envmatch
 .text.getenv_f
                0x00000000178151a8       0xb8 common/built-in.o
                0x00000000178151a8                getenv_f
 .text.getenv   0x0000000017815260       0x78 common/built-in.o
                0x0000000017815260                getenv
 .text.do_env_edit
                0x00000000178152d8       0x70 common/built-in.o
 .text.getenv_ulong
                0x0000000017815348       0x30 common/built-in.o
                0x0000000017815348                getenv_ulong
 .text.getenv_hex
                0x0000000017815378       0x34 common/built-in.o
                0x0000000017815378                getenv_hex
 .text.env_get_char_spec
                0x00000000178153ac        0xc common/built-in.o
                0x00000000178153ac                env_get_char_spec
 .text.env_get_addr
                0x00000000178153b8       0x24 common/built-in.o
                0x00000000178153b8                env_get_addr
 .text.env_get_char_memory
                0x00000000178153dc       0x10 common/built-in.o
                0x00000000178153dc                env_get_char_memory
 .text.env_get_char
                0x00000000178153ec       0x30 common/built-in.o
                0x00000000178153ec                env_get_char
 .text.getenv_yesno
                0x000000001781541c       0x54 common/built-in.o
                0x000000001781541c                getenv_yesno
 .text.getenv_default
                0x0000000017815470       0x30 common/built-in.o
                0x0000000017815470                getenv_default
 .text.set_default_env
                0x00000000178154a0       0xbc common/built-in.o
                0x00000000178154a0                set_default_env
 .text.set_default_vars
                0x000000001781555c       0x3c common/built-in.o
                0x000000001781555c                set_default_vars
 .text.env_import
                0x0000000017815598       0xdc common/built-in.o
                0x0000000017815598                env_import
 .text.env_export
                0x0000000017815674       0xa0 common/built-in.o
                0x0000000017815674                env_export
 .text.env_relocate
                0x0000000017815714       0x30 common/built-in.o
                0x0000000017815714                env_relocate
 .text.env_complete
                0x0000000017815744       0xe4 common/built-in.o
                0x0000000017815744                env_complete
 .text.console_setfile
                0x0000000017815828       0xc0 common/built-in.o
 .text.serial_printf
                0x00000000178158e8       0x4c common/built-in.o
                0x00000000178158e8                serial_printf
 .text.fgetc    0x0000000017815934       0x2c common/built-in.o
                0x0000000017815934                fgetc
 .text.getc     0x0000000017815960       0x24 common/built-in.o
                0x0000000017815960                getc
 .text.ftstc    0x0000000017815984       0x2c common/built-in.o
                0x0000000017815984                ftstc
 .text.tstc     0x00000000178159b0       0x24 common/built-in.o
                0x00000000178159b0                tstc
 .text.fputc    0x00000000178159d4       0x24 common/built-in.o
                0x00000000178159d4                fputc
 .text.putc     0x00000000178159f8       0x28 common/built-in.o
                0x00000000178159f8                putc
 .text.fputs    0x0000000017815a20       0x24 common/built-in.o
                0x0000000017815a20                fputs
 .text.puts     0x0000000017815a44       0x28 common/built-in.o
                0x0000000017815a44                puts
 .text.printf   0x0000000017815a6c       0x58 common/built-in.o
                0x0000000017815a6c                printf
 .text.vprintf  0x0000000017815ac4       0x3c common/built-in.o
                0x0000000017815ac4                vprintf
 .text.ctrlc    0x0000000017815b00       0x54 common/built-in.o
                0x0000000017815b00                ctrlc
 .text.confirm_yesno
                0x0000000017815b54       0xc4 common/built-in.o
                0x0000000017815b54                confirm_yesno
 .text.had_ctrlc
                0x0000000017815c18       0x10 common/built-in.o
                0x0000000017815c18                had_ctrlc
 .text.clear_ctrlc
                0x0000000017815c28       0x14 common/built-in.o
                0x0000000017815c28                clear_ctrlc
 .text.search_device
                0x0000000017815c3c       0x28 common/built-in.o
                0x0000000017815c3c                search_device
 .text.console_assign
                0x0000000017815c64       0x40 common/built-in.o
                0x0000000017815c64                console_assign
 .text.on_console
                0x0000000017815ca4       0xc4 common/built-in.o
 .text.console_init_f
                0x0000000017815d68       0x10 common/built-in.o
                0x0000000017815d68                console_init_f
 .text.stdio_print_current_devices
                0x0000000017815d78       0xb4 common/built-in.o
                0x0000000017815d78                stdio_print_current_devices
 .text.console_init_r
                0x0000000017815e2c      0x168 common/built-in.o
                0x0000000017815e2c                console_init_r
 .text.sbrk     0x0000000017815f94       0x6c common/built-in.o
                0x0000000017815f94                sbrk
 .text.mem_malloc_init
                0x0000000017816000       0x34 common/built-in.o
                0x0000000017816000                mem_malloc_init
 .text.malloc_trim
                0x0000000017816034       0xd8 common/built-in.o
                0x0000000017816034                malloc_trim
 .text.free     0x000000001781610c      0x248 common/built-in.o
                0x000000001781610c                free
 .text.malloc   0x0000000017816354      0x614 common/built-in.o
                0x0000000017816354                malloc
 .text.calloc   0x0000000017816968      0x138 common/built-in.o
                0x0000000017816968                calloc
 .text.memalign
                0x0000000017816aa0      0x110 common/built-in.o
                0x0000000017816aa0                memalign
 .text.realloc  0x0000000017816bb0      0x420 common/built-in.o
                0x0000000017816bb0                realloc
 .text.malloc_simple
                0x0000000017816fd0       0x30 common/built-in.o
                0x0000000017816fd0                malloc_simple
 .text.on_loadaddr
                0x0000000017817000       0x38 common/built-in.o
 .text.image_check_hcrc
                0x0000000017817038       0x4c common/built-in.o
                0x0000000017817038                image_check_hcrc
 .text.image_check_dcrc
                0x0000000017817084       0x38 common/built-in.o
                0x0000000017817084                image_check_dcrc
 .text.image_multi_count
                0x00000000178170bc       0x24 common/built-in.o
                0x00000000178170bc                image_multi_count
 .text.image_multi_getimg
                0x00000000178170e0       0x7c common/built-in.o
                0x00000000178170e0                image_multi_getimg
 .text.getenv_bootm_low
                0x000000001781715c       0x30 common/built-in.o
                0x000000001781715c                getenv_bootm_low
 .text.getenv_bootm_size
                0x000000001781718c       0x5c common/built-in.o
                0x000000001781718c                getenv_bootm_size
 .text.getenv_bootm_mapsize
                0x00000000178171e8       0x30 common/built-in.o
                0x00000000178171e8                getenv_bootm_mapsize
 .text.memmove_wd
                0x0000000017817218        0xc common/built-in.o
                0x0000000017817218                memmove_wd
 .text.genimg_print_size
                0x0000000017817224       0x30 common/built-in.o
                0x0000000017817224                genimg_print_size
 .text.get_table_entry_name
                0x0000000017817254       0x2c common/built-in.o
                0x0000000017817254                get_table_entry_name
 .text.genimg_get_os_name
                0x0000000017817280       0x18 common/built-in.o
                0x0000000017817280                genimg_get_os_name
 .text.genimg_get_arch_name
                0x0000000017817298       0x18 common/built-in.o
                0x0000000017817298                genimg_get_arch_name
 .text.genimg_get_type_name
                0x00000000178172b0       0x18 common/built-in.o
                0x00000000178172b0                genimg_get_type_name
 .text.genimg_get_comp_name
                0x00000000178172c8       0x18 common/built-in.o
                0x00000000178172c8                genimg_get_comp_name
 .text.image_print_contents
                0x00000000178172e0      0x170 common/built-in.o
                0x00000000178172e0                image_print_contents
 .text.genimg_get_kernel_addr_fit
                0x0000000017817450       0x24 common/built-in.o
                0x0000000017817450                genimg_get_kernel_addr_fit
 .text.genimg_get_format
                0x0000000017817474       0x50 common/built-in.o
                0x0000000017817474                genimg_get_format
 .text.genimg_get_image
                0x00000000178174c4        0x4 common/built-in.o
                0x00000000178174c4                genimg_get_image
 .text.genimg_has_config
                0x00000000178174c8        0x8 common/built-in.o
                0x00000000178174c8                genimg_has_config
 .text.boot_get_ramdisk
                0x00000000178174d0      0x2a0 common/built-in.o
                0x00000000178174d0                boot_get_ramdisk
 .text.boot_ramdisk_high
                0x0000000017817770      0x12c common/built-in.o
                0x0000000017817770                boot_ramdisk_high
 .text.boot_get_setup
                0x000000001781789c        0x8 common/built-in.o
                0x000000001781789c                boot_get_setup
 .text.image_setup_linux
                0x00000000178178a4       0x88 common/built-in.o
                0x00000000178178a4                image_setup_linux
 .text.android_image_get_kernel
                0x000000001781792c      0x16c common/built-in.o
                0x000000001781792c                android_image_get_kernel
 .text.android_image_check_header
                0x0000000017817a98       0x14 common/built-in.o
                0x0000000017817a98                android_image_check_header
 .text.android_image_get_end
                0x0000000017817aac       0x4c common/built-in.o
                0x0000000017817aac                android_image_get_end
 .text.android_image_get_kload
                0x0000000017817af8        0x8 common/built-in.o
                0x0000000017817af8                android_image_get_kload
 .text.android_image_get_ramdisk
                0x0000000017817b00       0x74 common/built-in.o
                0x0000000017817b00                android_image_get_ramdisk
 .text.android_image_get_fdt
                0x0000000017817b74       0x88 common/built-in.o
                0x0000000017817b74                android_image_get_fdt
 .text.fdt_error
                0x0000000017817bfc       0x2c common/built-in.o
 .text.boot_fdt_add_mem_rsv_regions
                0x0000000017817c28       0x88 common/built-in.o
                0x0000000017817c28                boot_fdt_add_mem_rsv_regions
 .text.boot_relocate_fdt
                0x0000000017817cb0      0x19c common/built-in.o
                0x0000000017817cb0                boot_relocate_fdt
 .text.boot_get_fdt
                0x0000000017817e4c      0x324 common/built-in.o
                0x0000000017817e4c                boot_get_fdt
 .text.ft_verify_fdt
                0x0000000017818170        0x8 common/built-in.o
                0x0000000017818170                ft_verify_fdt
 .text.image_setup_libfdt
                0x0000000017818178       0xe4 common/built-in.o
                0x0000000017818178                image_setup_libfdt
 .text.get_effective_memsize
                0x000000001781825c        0x8 common/built-in.o
                0x000000001781825c                get_effective_memsize
 .text.nulldev_putc
                0x0000000017818264        0x4 common/built-in.o
 .text.nulldev_puts
                0x0000000017818268        0x4 common/built-in.o
 .text.nulldev_input
                0x000000001781826c        0x8 common/built-in.o
 .text.stdio_serial_tstc
                0x0000000017818274        0x4 common/built-in.o
 .text.stdio_serial_getc
                0x0000000017818278        0x4 common/built-in.o
 .text.stdio_serial_puts
                0x000000001781827c        0x8 common/built-in.o
 .text.stdio_serial_putc
                0x0000000017818284        0x8 common/built-in.o
 .text.stdio_get_list
                0x000000001781828c        0xc common/built-in.o
                0x000000001781828c                stdio_get_list
 .text.stdio_get_by_name
                0x0000000017818298       0x54 common/built-in.o
                0x0000000017818298                stdio_get_by_name
 .text.stdio_clone
                0x00000000178182ec       0x38 common/built-in.o
                0x00000000178182ec                stdio_clone
 .text.stdio_register_dev
                0x0000000017818324       0x50 common/built-in.o
                0x0000000017818324                stdio_register_dev
 .text.stdio_register
                0x0000000017818374        0x8 common/built-in.o
                0x0000000017818374                stdio_register
 .text.stdio_init_tables
                0x000000001781837c       0x1c common/built-in.o
                0x000000001781837c                stdio_init_tables
 .text.stdio_add_devices
                0x0000000017818398       0xd8 common/built-in.o
                0x0000000017818398                stdio_add_devices
 .text.run_command
                0x0000000017818470       0x10 common/built-in.o
                0x0000000017818470                run_command
 .text.run_command_list
                0x0000000017818480       0x5c common/built-in.o
                0x0000000017818480                run_command_list
 .text.do_run   0x00000000178184dc       0x7c common/built-in.o
                0x00000000178184dc                do_run
 .text.cli_loop
                0x0000000017818558        0xc common/built-in.o
                0x0000000017818558                cli_loop
 .text.cli_init
                0x0000000017818564        0x4 common/built-in.o
                0x0000000017818564                cli_init
 .text.delete_char.part.0
                0x0000000017818568       0xd4 common/built-in.o
 .text.cread_add_char
                0x000000001781863c       0xec common/built-in.o
 .text.cli_readline_into_buffer
                0x0000000017818728      0x9b0 common/built-in.o
                0x0000000017818728                cli_readline_into_buffer
 .text.cli_readline
                0x00000000178190d8       0x14 common/built-in.o
                0x00000000178190d8                cli_readline
 .text.find_cmd_tbl
                0x00000000178190ec       0x9c common/built-in.o
                0x00000000178190ec                find_cmd_tbl
 .text.find_cmd
                0x0000000017819188       0x28 common/built-in.o
                0x0000000017819188                find_cmd
 .text.cmd_usage
                0x00000000178191b0       0x5c common/built-in.o
                0x00000000178191b0                cmd_usage
 .text._do_help
                0x000000001781920c      0x188 common/built-in.o
                0x000000001781920c                _do_help
 .text.var_complete
                0x0000000017819394       0x84 common/built-in.o
                0x0000000017819394                var_complete
 .text.cmd_auto_complete
                0x0000000017819418      0x4ac common/built-in.o
                0x0000000017819418                cmd_auto_complete
 .text.cmd_get_data_size
                0x00000000178198c4       0x50 common/built-in.o
                0x00000000178198c4                cmd_get_data_size
 .text.cmd_process
                0x0000000017819914       0xec common/built-in.o
                0x0000000017819914                cmd_process
 .text.cmd_process_error
                0x0000000017819a00       0x30 common/built-in.o
                0x0000000017819a00                cmd_process_error
 .text.hex2_bin
                0x0000000017819a30       0x94 common/built-in.o
 .text.srec_decode
                0x0000000017819ac4      0x260 common/built-in.o
                0x0000000017819ac4                srec_decode
 .text.CYGACC_COMM_IF_GETC_TIMEOUT.isra.1
                0x0000000017819d24       0x4c common/built-in.o
 .text.xyzModem_get_hdr
                0x0000000017819d70      0x260 common/built-in.o
 .text.xyzModem_stream_open
                0x0000000017819fd0      0x25c common/built-in.o
                0x0000000017819fd0                xyzModem_stream_open
 .text.xyzModem_stream_read
                0x000000001781a22c      0x244 common/built-in.o
                0x000000001781a22c                xyzModem_stream_read
 .text.xyzModem_stream_close
                0x000000001781a470       0x50 common/built-in.o
                0x000000001781a470                xyzModem_stream_close
 .text.xyzModem_stream_terminate
                0x000000001781a4c0       0xa4 common/built-in.o
                0x000000001781a4c0                xyzModem_stream_terminate
 .text.xyzModem_error
                0x000000001781a564       0x20 common/built-in.o
                0x000000001781a564                xyzModem_error
 .text.common_diskboot
                0x000000001781a584      0x238 common/built-in.o
                0x000000001781a584                common_diskboot
 .text.get_dev_hwpart
                0x000000001781a7bc       0xb4 disk/built-in.o
 .text.get_dev  0x000000001781a870        0x8 disk/built-in.o
                0x000000001781a870                get_dev
 .text.dev_print
                0x000000001781a878      0x218 disk/built-in.o
                0x000000001781a878                dev_print
 .text.init_part
                0x000000001781aa90       0x20 disk/built-in.o
                0x000000001781aa90                init_part
 .text.print_part
                0x000000001781aab0       0xf8 disk/built-in.o
                0x000000001781aab0                print_part
 .text.get_partition_info
                0x000000001781aba8       0x28 disk/built-in.o
                0x000000001781aba8                get_partition_info
 .text.get_device
                0x000000001781abd0      0x110 disk/built-in.o
                0x000000001781abd0                get_device
 .text.get_device_and_partition
                0x000000001781ace0      0x424 disk/built-in.o
                0x000000001781ace0                get_device_and_partition
 .text.test_block_type
                0x000000001781b104       0x88 disk/built-in.o
 .text.print_partition_extended
                0x000000001781b18c      0x250 disk/built-in.o
 .text.get_partition_info_extended.constprop.1
                0x000000001781b3dc      0x2ec disk/built-in.o
 .text.test_part_dos
                0x000000001781b6c8       0x60 disk/built-in.o
                0x000000001781b6c8                test_part_dos
 .text.print_part_dos
                0x000000001781b728       0x30 disk/built-in.o
                0x000000001781b728                print_part_dos
 .text.get_partition_info_dos
                0x000000001781b758       0x1c disk/built-in.o
                0x000000001781b758                get_partition_info_dos
 .text.device_bind
                0x000000001781b774      0x264 drivers/built-in.o
                0x000000001781b774                device_bind
 .text.device_bind_by_name
                0x000000001781b9d8       0x58 drivers/built-in.o
                0x000000001781b9d8                device_bind_by_name
 .text.device_probe
                0x000000001781ba30        0x8 drivers/built-in.o
                0x000000001781ba30                device_probe
 .text.device_probe_child
                0x000000001781ba38      0x1e0 drivers/built-in.o
                0x000000001781ba38                device_probe_child
 .text.dev_get_platdata
                0x000000001781bc18       0x30 drivers/built-in.o
                0x000000001781bc18                dev_get_platdata
 .text.dev_get_priv
                0x000000001781bc48       0x30 drivers/built-in.o
                0x000000001781bc48                dev_get_priv
 .text.lists_driver_lookup_name
                0x000000001781bc78       0x54 drivers/built-in.o
                0x000000001781bc78                lists_driver_lookup_name
 .text.lists_uclass_lookup
                0x000000001781bccc       0x48 drivers/built-in.o
                0x000000001781bccc                lists_uclass_lookup
 .text.lists_bind_drivers
                0x000000001781bd14       0x90 drivers/built-in.o
                0x000000001781bd14                lists_bind_drivers
 .text.dm_root  0x000000001781bda4       0x2c drivers/built-in.o
                0x000000001781bda4                dm_root
 .text.dm_init  0x000000001781bdd0       0x58 drivers/built-in.o
                0x000000001781bdd0                dm_init
 .text.dm_scan_platdata
                0x000000001781be28       0x2c drivers/built-in.o
                0x000000001781be28                dm_scan_platdata
 .text.dm_scan_other
                0x000000001781be54        0x8 drivers/built-in.o
                0x000000001781be54                dm_scan_other
 .text.dm_init_and_scan
                0x000000001781be5c       0x30 drivers/built-in.o
                0x000000001781be5c                dm_init_and_scan
 .text.uclass_find
                0x000000001781be8c       0x54 drivers/built-in.o
                0x000000001781be8c                uclass_find
 .text.uclass_get
                0x000000001781bee0      0x12c drivers/built-in.o
                0x000000001781bee0                uclass_get
 .text.uclass_find_device
                0x000000001781c00c       0x5c drivers/built-in.o
                0x000000001781c00c                uclass_find_device
 .text.uclass_find_device_by_seq
                0x000000001781c068       0x70 drivers/built-in.o
                0x000000001781c068                uclass_find_device_by_seq
 .text.uclass_get_device
                0x000000001781c0d8       0x38 drivers/built-in.o
                0x000000001781c0d8                uclass_get_device
 .text.uclass_bind_device
                0x000000001781c110       0x9c drivers/built-in.o
                0x000000001781c110                uclass_bind_device
 .text.uclass_unbind_device
                0x000000001781c1ac       0x48 drivers/built-in.o
                0x000000001781c1ac                uclass_unbind_device
 .text.uclass_resolve_seq
                0x000000001781c1f4       0xac drivers/built-in.o
                0x000000001781c1f4                uclass_resolve_seq
 .text.uclass_pre_probe_child
                0x000000001781c2a0       0x38 drivers/built-in.o
                0x000000001781c2a0                uclass_pre_probe_child
 .text.uclass_post_probe_device
                0x000000001781c2d8       0x28 drivers/built-in.o
                0x000000001781c2d8                uclass_post_probe_device
 .text.uclass_pre_remove_device
                0x000000001781c300       0x54 drivers/built-in.o
                0x000000001781c300                uclass_pre_remove_device
 .text.dm_warn  0x000000001781c354       0x24 drivers/built-in.o
                0x000000001781c354                dm_warn
 .text.device_free
                0x000000001781c378       0x90 drivers/built-in.o
                0x000000001781c378                device_free
 .text.device_remove
                0x000000001781c408      0x130 drivers/built-in.o
                0x000000001781c408                device_remove
 .text.setup_direct_access.constprop.5
                0x000000001781c538       0xe0 drivers/built-in.o
 .text.fuse_bank_physical
                0x000000001781c618       0x74 drivers/built-in.o
                0x000000001781c618                fuse_bank_physical
 .text.fuse_read
                0x000000001781c68c       0xb8 drivers/built-in.o
                0x000000001781c68c                fuse_read
 .text.fuse_sense
                0x000000001781c744       0xd8 drivers/built-in.o
                0x000000001781c744                fuse_sense
 .text.fuse_prog
                0x000000001781c81c       0xd0 drivers/built-in.o
                0x000000001781c81c                fuse_prog
 .text.fuse_override
                0x000000001781c8ec       0xac drivers/built-in.o
                0x000000001781c8ec                fuse_override
 .text.video_drawchars
                0x000000001781c998      0x488 drivers/built-in.o
 .text.draw_bitmap
                0x000000001781ce20       0xe4 drivers/built-in.o
 .text.console_newline.constprop.2
                0x000000001781cf04       0xe8 drivers/built-in.o
 .text.video_putc
                0x000000001781cfec      0x198 drivers/built-in.o
 .text.video_puts
                0x000000001781d184       0x84 drivers/built-in.o
 .text.board_cfb_skip
                0x000000001781d208        0x8 drivers/built-in.o
                0x000000001781d208                board_cfb_skip
 .text.video_set_lut
                0x000000001781d210        0x8 drivers/built-in.o
                0x000000001781d214                video_set_lut
 .text.plot_logo_or_black
                0x000000001781d218      0x264 drivers/built-in.o
 .text.do_clrlogo
                0x000000001781d47c       0x60 drivers/built-in.o
 .text.display_rle8_bitmap
                0x000000001781d4dc      0x35c drivers/built-in.o
 .text.video_display_bitmap
                0x000000001781d838      0xa74 drivers/built-in.o
                0x000000001781d838                video_display_bitmap
 .text.video_clear
                0x000000001781e2ac       0x58 drivers/built-in.o
                0x000000001781e2ac                video_clear
 .text.drv_video_init
                0x000000001781e304      0x440 drivers/built-in.o
                0x000000001781e304                drv_video_init
 .text.mxcfb_map_video_memory
                0x000000001781e744       0x88 drivers/built-in.o
 .text.ipuv3_fb_shutdown
                0x000000001781e7cc       0x60 drivers/built-in.o
                0x000000001781e7cc                ipuv3_fb_shutdown
 .text.video_hw_init
                0x000000001781e82c      0x5b8 drivers/built-in.o
                0x000000001781e82c                video_hw_init
 .text.ipuv3_fb_init
                0x000000001781ede4       0x2c drivers/built-in.o
                0x000000001781ede4                ipuv3_fb_init
 .text.clk_ipu_enable
                0x000000001781ee10       0x20 drivers/built-in.o
 .text.clk_ipu_disable
                0x000000001781ee30       0x1c drivers/built-in.o
 .text.clk_ldb_clk_enable
                0x000000001781ee4c       0x20 drivers/built-in.o
 .text.clk_ldb_clk_disable
                0x000000001781ee6c       0x1c drivers/built-in.o
 .text.ipu_pixel_clk_enable
                0x000000001781ee88       0x28 drivers/built-in.o
 .text.ipu_pixel_clk_disable
                0x000000001781eeb0       0x24 drivers/built-in.o
 .text.ipu_pixel_clk_round_rate
                0x000000001781eed4      0x13c drivers/built-in.o
 .text.ipu_pixel_clk_set_rate
                0x000000001781f010      0x108 drivers/built-in.o
 .text.ipu_pixel_clk_recalc
                0x000000001781f118       0x74 drivers/built-in.o
 .text.ipu_pixel_clk_set_parent
                0x000000001781f18c       0x8c drivers/built-in.o
 .text.clk_enable
                0x000000001781f218       0x2c drivers/built-in.o
                0x000000001781f218                clk_enable
 .text.clk_disable
                0x000000001781f244       0x38 drivers/built-in.o
                0x000000001781f244                clk_disable
 .text.clk_get_usecount
                0x000000001781f27c        0xc drivers/built-in.o
                0x000000001781f27c                clk_get_usecount
 .text.clk_get_rate
                0x000000001781f288        0xc drivers/built-in.o
                0x000000001781f288                clk_get_rate
 .text.clk_get_parent
                0x000000001781f294        0xc drivers/built-in.o
                0x000000001781f294                clk_get_parent
 .text.clk_set_rate
                0x000000001781f2a0       0x24 drivers/built-in.o
                0x000000001781f2a0                clk_set_rate
 .text.clk_round_rate
                0x000000001781f2c4       0x2c drivers/built-in.o
                0x000000001781f2c4                clk_round_rate
 .text.clk_set_parent
                0x000000001781f2f0       0x24 drivers/built-in.o
                0x000000001781f2f0                clk_set_parent
 .text.ipu_probe
                0x000000001781f314      0x164 drivers/built-in.o
                0x000000001781f314                ipu_probe
 .text.ipu_dump_registers
                0x000000001781f478        0x4 drivers/built-in.o
                0x000000001781f478                ipu_dump_registers
 .text.ipu_init_channel
                0x000000001781f47c      0x204 drivers/built-in.o
                0x000000001781f47c                ipu_init_channel
 .text.ipu_uninit_channel
                0x000000001781f680      0x238 drivers/built-in.o
                0x000000001781f680                ipu_uninit_channel
 .text.ipu_enable_channel
                0x000000001781f8b8       0xd8 drivers/built-in.o
                0x000000001781f8b8                ipu_enable_channel
 .text.ipu_clear_buffer_ready
                0x000000001781f990       0x80 drivers/built-in.o
                0x000000001781f990                ipu_clear_buffer_ready
 .text.ipu_disable_channel
                0x000000001781fa10      0x188 drivers/built-in.o
                0x000000001781fa10                ipu_disable_channel
 .text.bytes_per_pixel
                0x000000001781fb98       0xe0 drivers/built-in.o
                0x000000001781fb98                bytes_per_pixel
 .text.ipu_init_channel_buffer
                0x000000001781fc78      0x5e4 drivers/built-in.o
                0x000000001781fc78                ipu_init_channel_buffer
 .text.format_to_colorspace
                0x000000001782025c       0xbc drivers/built-in.o
                0x000000001782025c                format_to_colorspace
 .text.ipu_dc_map_config
                0x0000000017820318       0x70 drivers/built-in.o
 .text.ipu_dc_map_clear
                0x0000000017820388       0x2c drivers/built-in.o
 .text.rgb_to_yuv
                0x00000000178203b4       0x70 drivers/built-in.o
 .text.ipu_dc_link_event
                0x0000000017820424      0x15c drivers/built-in.o
 .text.ipu_dp_csc_setup.isra.0
                0x0000000017820580      0x118 drivers/built-in.o
 .text.ipu_di_sync_config.constprop.3
                0x0000000017820698       0xf8 drivers/built-in.o
 .text.ipu_dc_write_tmpl.constprop.4
                0x0000000017820790       0x38 drivers/built-in.o
 .text.ipu_dmfc_init
                0x00000000178207c8      0x170 drivers/built-in.o
                0x00000000178207c8                ipu_dmfc_init
 .text.ipu_dmfc_set_wait4eot
                0x0000000017820938      0x130 drivers/built-in.o
                0x0000000017820938                ipu_dmfc_set_wait4eot
 .text.ipu_dp_init
                0x0000000017820a68      0x1ec drivers/built-in.o
                0x0000000017820a68                ipu_dp_init
 .text.ipu_dp_uninit
                0x0000000017820c54       0x84 drivers/built-in.o
                0x0000000017820c54                ipu_dp_uninit
 .text.ipu_dc_init
                0x0000000017820cd8      0x2c8 drivers/built-in.o
                0x0000000017820cd8                ipu_dc_init
 .text.ipu_dc_uninit
                0x0000000017820fa0      0x1c4 drivers/built-in.o
                0x0000000017820fa0                ipu_dc_uninit
 .text.ipu_dp_dc_enable
                0x0000000017821164      0x234 drivers/built-in.o
                0x0000000017821164                ipu_dp_dc_enable
 .text.ipu_dp_dc_disable
                0x0000000017821398      0x39c drivers/built-in.o
                0x0000000017821398                ipu_dp_dc_disable
 .text.ipu_init_dc_mappings
                0x0000000017821734      0x15c drivers/built-in.o
                0x0000000017821734                ipu_init_dc_mappings
 .text.ipu_init_sync_panel
                0x0000000017821890      0x7d8 drivers/built-in.o
                0x0000000017821890                ipu_init_sync_panel
 .text.ipu_disp_set_global_alpha