mmc.c:546:12:mmc_set_capacity	16	static
mmc.c:24:12:board_mmc_getwp	0	static
mmc.c:29:5:mmc_getwp	8	static
mmc.c:45:12:board_mmc_getcd	0	static
mmc.c:50:5:mmc_send_cmd	8	static
mmc.c:354:12:mmc_send_op_cond_iter	16	static
mmc.c:451:12:mmc_send_ext_csd	56	static
mmc.c:832:12:6	56	static
mmc.c:108:5:mmc_send_status	48	static
mmc.c:473:12:1	40	static
mmc.c:158:5:mmc_set_blocklen	40	static
mmc.c:172:13:find_mmc_device	8	static
mmc.c:232:14:mmc_bread	80	static
mmc.c:600:5:mmc_switch_part	16	static
mmc.c:574:5:mmc_select_hwpart	16	static
mmc.c:622:5:mmc_hwpart_config	616	static
mmc.c:816:5:mmc_getcd	8	static
mmc.c:1000:6:mmc_set_clock	8	static
mmc.c:1020:12:mmc_startup	1840	static
mmc.c:1519:18:mmc_register	8	static
mmc.c:1527:13:mmc_create	16	static
mmc.c:1566:6:mmc_destroy	0	static
mmc.c:1584:13:board_mmc_power_init	0	static
mmc.c:1588:5:mmc_start_init	80	static
mmc.c:1666:5:mmc_init	48	static
mmc.c:1573:19:mmc_get_dev	8	static
mmc.c:1685:5:mmc_set_dsr	0	static
mmc.c:1692:12:cpu_mmc_init	0	static
mmc.c:1698:12:board_mmc_init	0	static
mmc.c:1705:6:print_mmc_devices	24	static
mmc.c:1737:5:get_mmc_num	0	static
mmc.c:1742:6:mmc_set_preinit	0	static
mmc.c:1761:5:mmc_initialize	16	static
mmc.c:1790:5:mmc_boot_partition_size_change	56	static
mmc.c:1852:5:mmc_set_boot_bus_width	0	static
mmc.c:1873:5:mmc_set_part_conf	0	static
mmc.c:1893:5:mmc_set_rst_n_function	0	static
