ipu_disp.c:240:13:ipu_dc_map_config	24	static
ipu_disp.c:256:13:ipu_dc_map_clear	0	static
ipu_disp.c:320:12:rgb_to_yuv	16	static
ipu_disp.c:282:13:ipu_dc_link_event	24	static
ipu_disp.c:382:13:0	8	static
ipu_disp.c:205:13:3	32	static
ipu_disp.c:263:13:4	0	static
ipu_disp.c:60:6:ipu_dmfc_init	0	static
ipu_disp.c:141:6:ipu_dmfc_set_wait4eot	16	static
ipu_disp.c:420:5:ipu_dp_init	32	static
ipu_disp.c:507:6:ipu_dp_uninit	0	static
ipu_disp.c:533:6:ipu_dc_init	16	static
ipu_disp.c:582:6:ipu_dc_uninit	16	static
ipu_disp.c:610:6:ipu_dp_dc_enable	24	static
ipu_disp.c:657:6:ipu_dp_dc_disable	16	static
ipu_disp.c:749:6:ipu_init_dc_mappings	8	static
ipu_disp.c:838:9:ipu_init_sync_panel	96	static
ipu_disp.c:1187:9:ipu_disp_set_global_alpha	16	static
ipu_disp.c:1248:9:ipu_disp_set_color_key	32	static
